// Jest Snapshot v1, https://goo.gl/fbAQLP

exports[`result from poker card panel matches the rendered snapshot 1`] = `
<Card
  body={false}
  className="rightCard"
  style={
    Object {
      "border": "none",
    }
  }
>
  <CardBody>
    <CardTitle
      className="title"
    >
      Poker
    </CardTitle>
    <CardText
      className="text"
    >
      SAURABH
    </CardText>
    <p
      className="text"
    >
      SCRUM MASTER
    </p>
    <Button
      active={false}
      block={true}
      disabled={false}
      onClick={[Function]}
      variant="Link"
    >
      Reset
    </Button>
  </CardBody>
</Card>
`;
